#-----------------------------------------------------------
# Vivado v2017.2 (64-bit)
# SW Build 1909853 on Thu Jun 15 18:39:09 MDT 2017
# IP Build 1909766 on Thu Jun 15 19:58:00 MDT 2017
# Start of session at: Tue Mar  9 19:06:17 2021
# Process ID: 10848
# Current directory: C:/Workspace/GameOfLife/prj/project_gol
# Command line: vivado.exe -gui_launcher_event rodinguilauncherevent13384 C:\Workspace\GameOfLife\prj\project_gol\project_gol.xpr
# Log file: C:/Workspace/GameOfLife/prj/project_gol/vivado.log
# Journal file: C:/Workspace/GameOfLife/prj/project_gol\vivado.jou
#-----------------------------------------------------------
start_gui
open_project C:/Workspace/GameOfLife/prj/project_gol/project_gol.xpr
update_compile_order -fileset sources_1
set_property  ip_repo_paths  {} [current_project]
update_ip_catalog
config_webtalk -user on
reset_run synth_2
launch_runs synth_2 -jobs 8
wait_on_run synth_2
open_run synth_2 -name synth_2
close_project
open_project F:/Workspace/vivado/Xilinx/lab5project/lab5/project_lab5/project_lab5.xpr
update_compile_order -fileset sources_1
