13:36:57 **** Incremental Build of configuration Debug for project gol_app ****
make all 
'Building file: ../src/gol_driver.c'
'Invoking: MicroBlaze gcc compiler'
mb-gcc -Wall -O0 -g3 -c -fmessage-length=0 -MT"src/gol_driver.o" -I../../gol_app_bsp/microblaze_0/include -mlittle-endian -mcpu=v10.0 -mxl-soft-mul -Wl,--no-relax -ffunction-sections -fdata-sections -MMD -MP -MF"src/gol_driver.d" -MT"src/gol_driver.o" -o "src/gol_driver.o" "../src/gol_driver.c"
../src/gol_driver.c: In function 'init_gol':
../src/gol_driver.c:34:14: warning: 'sizeof' on array function parameter 'data_array' will return size of 'uint32_t * {aka long unsigned int *}' [-Wsizeof-array-argument]
  len = sizeof(data_array) / sizeof(data_array[0]);
              ^
../src/gol_driver.c:16:44: note: declared here
 void init_gol(uint32_t base_addr, uint32_t data_array[])
                                            ^~~~~~~~~~
'Finished building: ../src/gol_driver.c'
' '
'Building target: gol_app.elf'
'Invoking: MicroBlaze gcc linker'
mb-gcc -Wl,-T -Wl,../src/lscript.ld -L../../gol_app_bsp/microblaze_0/lib -mlittle-endian -mcpu=v10.0 -mxl-soft-mul -Wl,--no-relax -Wl,--gc-sections -o "gol_app.elf"  ./src/gol_driver.o ./src/main.o ./src/platform.o   -Wl,--start-group,-lxil,-lgcc,-lc,--end-group
'Finished building target: gol_app.elf'
' '
'Invoking: MicroBlaze Print Size'
mb-size gol_app.elf  |tee "gol_app.elf.size"
   text	   data	    bss	    dec	    hex	filename
   3452	    268	   3120	   6840	   1ab8	gol_app.elf
'Finished building: gol_app.elf.size'
' '
15:40:00 **** Incremental Build of configuration Debug for project gol_app ****
make all 
'Building file: ../src/main.c'
'Invoking: MicroBlaze gcc compiler'
mb-gcc -Wall -O0 -g3 -c -fmessage-length=0 -MT"src/main.o" -I../../gol_app_bsp/microblaze_0/include -mlittle-endian -mcpu=v10.0 -mxl-soft-mul -Wl,--no-relax -ffunction-sections -fdata-sections -MMD -MP -MF"src/main.d" -MT"src/main.o" -o "src/main.o" "../src/main.c"
../src/main.c: In function 'main':
../src/main.c:69:30: warning: large integer implicitly truncated to unsigned type [-Woverflow]
     uint32_t pattern[7] =  { 00000000000011000000110000000101,
                              ^~~~~~~~~~~~~~~~~~~~~~~~~~~~~~~~
../src/main.c:70:11: warning: integer constant is too large for its type
           00000010100000010000000000100011,
           ^~~~~~~~~~~~~~~~~~~~~~~~~~~~~~~~
../src/main.c:70:11: warning: large integer implicitly truncated to unsigned type [-Woverflow]
../src/main.c:71:8: warning: integer constant is too large for its type
        01000000000010111101010011001010,
        ^~~~~~~~~~~~~~~~~~~~~~~~~~~~~~~~
../src/main.c:71:8: warning: large integer implicitly truncated to unsigned type [-Woverflow]
../src/main.c:72:8: warning: integer constant is too large for its type
        11000101010010101000000101010010,
        ^~~~~~~~~~~~~~~~~~~~~~~~~~~~~~~~
../src/main.c:72:8: warning: large integer implicitly truncated to unsigned type [-Woverflow]
../src/main.c:73:8: warning: integer constant is too large for its type
        10100011010100110010101111010000,
        ^~~~~~~~~~~~~~~~~~~~~~~~~~~~~~~~
../src/main.c:73:8: warning: large integer implicitly truncated to unsigned type [-Woverflow]
../src/main.c:74:8: warning: integer constant is too large for its type
        00000010110001000000000010000001,
        ^~~~~~~~~~~~~~~~~~~~~~~~~~~~~~~~
../src/main.c:74:8: warning: large integer implicitly truncated to unsigned type [-Woverflow]
../src/main.c:75:8: warning: integer constant is too large for its type
        01000000101000000011000000110000 };
        ^~~~~~~~~~~~~~~~~~~~~~~~~~~~~~~~
../src/main.c:75:8: warning: large integer implicitly truncated to unsigned type [-Woverflow]
'Finished building: ../src/main.c'
' '
'Building target: gol_app.elf'
'Invoking: MicroBlaze gcc linker'
mb-gcc -Wl,-T -Wl,../src/lscript.ld -L../../gol_app_bsp/microblaze_0/lib -mlittle-endian -mcpu=v10.0 -mxl-soft-mul -Wl,--no-relax -Wl,--gc-sections -o "gol_app.elf"  ./src/gol_driver.o ./src/main.o ./src/platform.o   -Wl,--start-group,-lxil,-lgcc,-lc,--end-group
'Finished building target: gol_app.elf'
' '
'Invoking: MicroBlaze Print Size'
mb-size gol_app.elf  |tee "gol_app.elf.size"
   text	   data	    bss	    dec	    hex	filename
   3460	    268	   3120	   6848	   1ac0	gol_app.elf
'Finished building: gol_app.elf.size'
' '
15:40:02 **** Build of project standalone_bsp_0 ****
make -k all 
"Running Make include in microblaze_0/libsrc/bram_v4_1/src"
make -C microblaze_0/libsrc/bram_v4_1/src -s include  "SHELL=CMD" "COMPILER=mb-gcc" "ARCHIVER=mb-ar" "COMPILER_FLAGS= -O2 -c -mcpu=v10.0 -mlittle-endian -mxl-soft-mul" "EXTRA_COMPILER_FLAGS=-ffunction-sections -fdata-sections -Wall -Wextra"
"Running Make include in microblaze_0/libsrc/cpu_v2_6/src"
make -C microblaze_0/libsrc/cpu_v2_6/src -s include  "SHELL=CMD" "COMPILER=mb-gcc" "ARCHIVER=mb-ar" "COMPILER_FLAGS= -O2 -c -mcpu=v10.0 -mlittle-endian -mxl-soft-mul" "EXTRA_COMPILER_FLAGS=-ffunction-sections -fdata-sections -Wall -Wextra"
"Running Make include in microblaze_0/libsrc/game_of_life_v1_0/src"
make -C microblaze_0/libsrc/game_of_life_v1_0/src -s include  "SHELL=CMD" "COMPILER=mb-gcc" "ARCHIVER=mb-ar" "COMPILER_FLAGS= -O2 -c -mcpu=v10.0 -mlittle-endian -mxl-soft-mul" "EXTRA_COMPILER_FLAGS=-ffunction-sections -fdata-sections -Wall -Wextra"
"Running Make include in microblaze_0/libsrc/standalone_v6_3/src"
make -C microblaze_0/libsrc/standalone_v6_3/src -s include  "SHELL=CMD" "COMPILER=mb-gcc" "ARCHIVER=mb-ar" "COMPILER_FLAGS= -O2 -c -mcpu=v10.0 -mlittle-endian -mxl-soft-mul" "EXTRA_COMPILER_FLAGS=-ffunction-sections -fdata-sections -Wall -Wextra"
"Running Make include in microblaze_0/libsrc/uartlite_v3_2/src"
make -C microblaze_0/libsrc/uartlite_v3_2/src -s include  "SHELL=CMD" "COMPILER=mb-gcc" "ARCHIVER=mb-ar" "COMPILER_FLAGS= -O2 -c -mcpu=v10.0 -mlittle-endian -mxl-soft-mul" "EXTRA_COMPILER_FLAGS=-ffunction-sections -fdata-sections -Wall -Wextra"
"Running Make libs in microblaze_0/libsrc/bram_v4_1/src"
make -C microblaze_0/libsrc/bram_v4_1/src -s libs  "SHELL=CMD" "COMPILER=mb-gcc" "ARCHIVER=mb-ar" "COMPILER_FLAGS= -O2 -c -mcpu=v10.0 -mlittle-endian -mxl-soft-mul" "EXTRA_COMPILER_FLAGS=-ffunction-sections -fdata-sections -Wall -Wextra"
"Compiling bram"
"Running Make libs in microblaze_0/libsrc/cpu_v2_6/src"
make -C microblaze_0/libsrc/cpu_v2_6/src -s libs  "SHELL=CMD" "COMPILER=mb-gcc" "ARCHIVER=mb-ar" "COMPILER_FLAGS= -O2 -c -mcpu=v10.0 -mlittle-endian -mxl-soft-mul" "EXTRA_COMPILER_FLAGS=-ffunction-sections -fdata-sections -Wall -Wextra"
"Compiling cpu"
"Running Make libs in microblaze_0/libsrc/game_of_life_v1_0/src"
make -C microblaze_0/libsrc/game_of_life_v1_0/src -s libs  "SHELL=CMD" "COMPILER=mb-gcc" "ARCHIVER=mb-ar" "COMPILER_FLAGS= -O2 -c -mcpu=v10.0 -mlittle-endian -mxl-soft-mul" "EXTRA_COMPILER_FLAGS=-ffunction-sections -fdata-sections -Wall -Wextra"
"Compiling game_of_life..."
game_of_life_selftest.c: In function 'GAME_OF_LIFE_Reg_SelfTest':
game_of_life_selftest.c:52:61: warning: comparison between signed and unsigned integer expressions [-Wsign-compare]
    if ( GAME_OF_LIFE_mReadReg (baseaddr, read_loop_index*4) != (read_loop_index+1)*READ_WRITE_MUL_FACTOR){
                                                             ^~
game_of_life_selftest.c:36:6: warning: unused variable 'Index' [-Wunused-variable]
  int Index;
      ^~~~~
"Running Make libs in microblaze_0/libsrc/standalone_v6_3/src"
make -C microblaze_0/libsrc/standalone_v6_3/src -s libs  "SHELL=CMD" "COMPILER=mb-gcc" "ARCHIVER=mb-ar" "COMPILER_FLAGS= -O2 -c -mcpu=v10.0 -mlittle-endian -mxl-soft-mul" "EXTRA_COMPILER_FLAGS=-ffunction-sections -fdata-sections -Wall -Wextra"
"Compiling standalone";
"Running Make libs in microblaze_0/libsrc/uartlite_v3_2/src"
make -C microblaze_0/libsrc/uartlite_v3_2/src -s libs  "SHELL=CMD" "COMPILER=mb-gcc" "ARCHIVER=mb-ar" "COMPILER_FLAGS= -O2 -c -mcpu=v10.0 -mlittle-endian -mxl-soft-mul" "EXTRA_COMPILER_FLAGS=-ffunction-sections -fdata-sections -Wall -Wextra"
"Compiling uartlite"
'Finished building libraries'
