15:40:00 **** Incremental Build of configuration Debug for project gol_app ****
make all 
'Building file: ../src/main.c'
'Invoking: MicroBlaze gcc compiler'
mb-gcc -Wall -O0 -g3 -c -fmessage-length=0 -MT"src/main.o" -I../../gol_app_bsp/microblaze_0/include -mlittle-endian -mcpu=v10.0 -mxl-soft-mul -Wl,--no-relax -ffunction-sections -fdata-sections -MMD -MP -MF"src/main.d" -MT"src/main.o" -o "src/main.o" "../src/main.c"
../src/main.c: In function 'main':
../src/main.c:69:30: warning: large integer implicitly truncated to unsigned type [-Woverflow]
     uint32_t pattern[7] =  { 00000000000011000000110000000101,
                              ^~~~~~~~~~~~~~~~~~~~~~~~~~~~~~~~
../src/main.c:70:11: warning: integer constant is too large for its type
           00000010100000010000000000100011,
           ^~~~~~~~~~~~~~~~~~~~~~~~~~~~~~~~
../src/main.c:70:11: warning: large integer implicitly truncated to unsigned type [-Woverflow]
../src/main.c:71:8: warning: integer constant is too large for its type
        01000000000010111101010011001010,
        ^~~~~~~~~~~~~~~~~~~~~~~~~~~~~~~~
../src/main.c:71:8: warning: large integer implicitly truncated to unsigned type [-Woverflow]
../src/main.c:72:8: warning: integer constant is too large for its type
        11000101010010101000000101010010,
        ^~~~~~~~~~~~~~~~~~~~~~~~~~~~~~~~
../src/main.c:72:8: warning: large integer implicitly truncated to unsigned type [-Woverflow]
../src/main.c:73:8: warning: integer constant is too large for its type
        10100011010100110010101111010000,
        ^~~~~~~~~~~~~~~~~~~~~~~~~~~~~~~~
../src/main.c:73:8: warning: large integer implicitly truncated to unsigned type [-Woverflow]
../src/main.c:74:8: warning: integer constant is too large for its type
        00000010110001000000000010000001,
        ^~~~~~~~~~~~~~~~~~~~~~~~~~~~~~~~
../src/main.c:74:8: warning: large integer implicitly truncated to unsigned type [-Woverflow]
../src/main.c:75:8: warning: integer constant is too large for its type
        01000000101000000011000000110000 };
        ^~~~~~~~~~~~~~~~~~~~~~~~~~~~~~~~
../src/main.c:75:8: warning: large integer implicitly truncated to unsigned type [-Woverflow]
'Finished building: ../src/main.c'
' '
'Building target: gol_app.elf'
'Invoking: MicroBlaze gcc linker'
mb-gcc -Wl,-T -Wl,../src/lscript.ld -L../../gol_app_bsp/microblaze_0/lib -mlittle-endian -mcpu=v10.0 -mxl-soft-mul -Wl,--no-relax -Wl,--gc-sections -o "gol_app.elf"  ./src/gol_driver.o ./src/main.o ./src/platform.o   -Wl,--start-group,-lxil,-lgcc,-lc,--end-group
'Finished building target: gol_app.elf'
' '
'Invoking: MicroBlaze Print Size'
mb-size gol_app.elf  |tee "gol_app.elf.size"
   text	   data	    bss	    dec	    hex	filename
   3460	    268	   3120	   6848	   1ac0	gol_app.elf
'Finished building: gol_app.elf.size'
' '

15:40:01 Build Finished (took 875ms)

